###############################################################################
#
# IAR ELF Linker V9.20.4.327/W64 for ARM                  05/Mar/2023  14:55:21
# Copyright 2007-2022 IAR Systems AB.
#
#    Output file  =
#        C:\Users\khale\OneDrive\Skrivbord\Dst2\Lab 3\Debug\Exe\lab 1.out
#    Map file     =
#        C:\Users\khale\OneDrive\Skrivbord\Dst2\Lab 3\Debug\List\lab 1.map
#    Command line =
#        -f "C:\Users\khale\OneDrive\Skrivbord\Dst2\Lab 3\Debug\Exe\lab
#        1.out.rsp" ("C:\Users\khale\OneDrive\Skrivbord\Dst2\Lab
#        3\Debug\Obj\context_switching_functions_march_2019.o"
#        "C:\Users\khale\OneDrive\Skrivbord\Dst2\Lab 3\Debug\Obj\cstartup.o"
#        "C:\Users\khale\OneDrive\Skrivbord\Dst2\Lab 3\Debug\Obj\exceptions.o"
#        "C:\Users\khale\OneDrive\Skrivbord\Dst2\Lab
#        3\Debug\Obj\kernel_functions.o"
#        "C:\Users\khale\OneDrive\Skrivbord\Dst2\Lab 3\Debug\Obj\main.o"
#        "C:\Users\khale\OneDrive\Skrivbord\Dst2\Lab
#        3\Debug\Obj\startup_sam3x.o"
#        "C:\Users\khale\OneDrive\Skrivbord\Dst2\Lab
#        3\Debug\Obj\system_sam3x.o" --no_out_extension -o
#        "C:\Users\khale\OneDrive\Skrivbord\Dst2\Lab 3\Debug\Exe\lab 1.out"
#        --map "C:\Users\khale\OneDrive\Skrivbord\Dst2\Lab 3\Debug\List\lab
#        1.map" --config "C:\Users\khale\OneDrive\Skrivbord\Dst2 - kopia\Lab
#        3\sam3x8-sram_BigHeap.icf" --semihosting --entry __iar_program_start
#        --vfe --text_out locale)
#
###############################################################################

*******************************************************************************
*** RUNTIME MODEL ATTRIBUTES
***

CppFlavor       = *
__CPP_Runtime   = 1
__Heap_Handler  = Basic
__SystemLibrary = DLib
__dlib_version  = 6


*******************************************************************************
*** HEAP SELECTION
***

The basic heap was selected because some modules are built with
size limitations (and not runtime checking), and --advanced_heap
was not specified.


*******************************************************************************
*** PLACEMENT SUMMARY
***

"A0":  place at address 0x2007'0000 { ro section .intvec };
"P1":  place in [from 0x2007'0000 to 0x2008'7fff] { ro };
define block CSTACK with size = 2K, alignment = 8 { };
define block HEAP with size = 8K, alignment = 8 { };
"P2":  place in [from 0x2007'0000 to 0x2008'7fff] {
          rw, block CSTACK, block HEAP };
initialize by copy with packing = none, complex ranges { rw };

  Section            Kind         Address    Size  Object
  -------            ----         -------    ----  ------
"A0":                                        0xf4
  .intvec                     0x2007'0000    0xf4  <Block>
    .intvec          const    0x2007'0000    0xf4  startup_sam3x.o [1]
                            - 0x2007'00f4    0xf4

"P1-P2", part 1 of 2:                       0xe34
  .text              ro code  0x2007'00f4   0x6a0  kernel_functions.o [1]
  .text              ro code  0x2007'0794   0x170  heap0.o [2]
  .text              ro code  0x2007'0904   0x1c8  context_switching_functions_march_2019.o [1]
  .text              ro code  0x2007'0acc     0x4  heaptramp0.o [2]
  .text              ro code  0x2007'0ad0    0xa6  ABImemcpy.o [3]
  .text              ro code  0x2007'0b76    0x2a  copy_init3.o [3]
  .text              ro code  0x2007'0ba0    0x2c  xgetmemchunk.o [2]
  .text              ro code  0x2007'0bcc    0x12  xxmemxmemzero.o [2]
  .text              ro code  0x2007'0bde     0x2  exceptions.o [1]
  .text              ro code  0x2007'0be0   0x174  main.o [1]
  .text              ro code  0x2007'0d54    0xa0  system_sam3x.o [1]
  .text              ro code  0x2007'0df4    0x30  startup_sam3x.o [1]
  .text              ro code  0x2007'0e24     0xc  cstartup.o [1]
  .text              ro code  0x2007'0e30    0x1e  cmain.o [3]
  .text              ro code  0x2007'0e50    0x28  data_init.o [3]
  .text              ro code  0x2007'0e78     0x4  exit.o [2]
  .text              ro code  0x2007'0e7c     0xa  cexit.o [3]
  .text              ro code  0x2007'0e88    0x14  exit.o [4]
  .iar.init_table    const    0x2007'0e9c    0x14  - Linker created -
  .rodata            const    0x2007'0eb0     0x0  copy_init3.o [3]
  P1-P2 s0                    0x2007'0eb0    0x3c  <Init block>
    .bss             inited   0x2007'0eb0     0x8  heap0.o [2]
    .data            inited   0x2007'0eb8     0x4  main.o [1]
    .data            inited   0x2007'0ebc     0x4  system_sam3x.o [1]
    .bss             inited   0x2007'0ec0     0x4  kernel_functions.o [1]
    .bss             inited   0x2007'0ec4     0x4  kernel_functions.o [1]
    .bss             inited   0x2007'0ec8     0x4  kernel_functions.o [1]
    .bss             inited   0x2007'0ecc     0x4  kernel_functions.o [1]
    .bss             inited   0x2007'0ed0     0x4  kernel_functions.o [1]
    .bss             inited   0x2007'0ed4     0x4  kernel_functions.o [1]
    .bss             inited   0x2007'0ed8     0x4  kernel_functions.o [1]
    .bss             inited   0x2007'0edc     0x4  main.o [1]
    .bss             inited   0x2007'0ee0     0x4  main.o [1]
    .bss             inited   0x2007'0ee4     0x4  main.o [1]
    .bss             inited   0x2007'0ee8     0x4  xgetmemchunk.o [2]
  Initializer bytes  const    0x2007'0eec    0x3c  <for P1-P2 s0>
                            - 0x2007'0f28   0xe34

"P1-P2", part 2 of 2:                      0x2800
  CSTACK                      0x2007'0f28   0x800  <Block>
    CSTACK           uninit   0x2007'0f28   0x800  <Block tail>
  HEAP                        0x2007'1728  0x2000  <Block>
    HEAP             uninit   0x2007'1728  0x2000  <Block tail>
                            - 0x2007'3728  0x2800

Unused ranges:

         From           To      Size
         ----           --      ----
  0x2007'3728  0x2008'7fff  0x1'48d8


*******************************************************************************
*** INIT TABLE
***

          Address      Size
          -------      ----
Copy (__iar_copy_init3)
    1 source range, total size 0x3c:
          0x2007'0eec  0x3c
    1 destination range, total size 0x3c:
          0x2007'0eb0  0x3c



*******************************************************************************
*** MODULE SUMMARY
***

    Module                                    ro code  ro data  rw data
    ------                                    -------  -------  -------
command line/config:
    -------------------------------------------------------------------
    Total:

C:\Users\khale\OneDrive\Skrivbord\Dst2\Lab 3\Debug\Obj: [1]
    context_switching_functions_march_2019.o      456
    cstartup.o                                     12
    exceptions.o                                    2
    kernel_functions.o                          1'696       28       28
    main.o                                        372       16       16
    startup_sam3x.o                                48      244
    system_sam3x.o                                160        4        4
    -------------------------------------------------------------------
    Total:                                      2'746      292       48

dl7M_tln.a: [2]
    exit.o                                          4
    heap0.o                                       368        8        8
    heaptramp0.o                                    4
    xgetmemchunk.o                                 44        4        4
    xxmemxmemzero.o                                18
    -------------------------------------------------------------------
    Total:                                        438       12       12

rt7M_tl.a: [3]
    ABImemcpy.o                                   166
    cexit.o                                        10
    cmain.o                                        30
    copy_init3.o                                   42
    data_init.o                                    40
    -------------------------------------------------------------------
    Total:                                        288

shb_l.a: [4]
    exit.o                                         20
    -------------------------------------------------------------------
    Total:                                         20

    Gaps                                            4
    Linker created                                          20   10'240
-----------------------------------------------------------------------
    Grand Total:                                3'496      324   10'300


*******************************************************************************
*** ENTRY LIST
***

Entry                       Address  Size  Type      Object
-----                       -------  ----  ----      ------
.iar.init_table$$Base   0x2007'0e9c         --   Gb  - Linker created -
.iar.init_table$$Limit  0x2007'0eb0         --   Gb  - Linker created -
.intvec$$Base           0x2007'0000         --   Gb  - Linker created -
.intvec$$Limit          0x2007'00f4         --   Gb  - Linker created -
?main                   0x2007'0e31        Code  Gb  cmain.o [3]
ADC_Handler             0x2007'0bdf   0x2  Code  Wk  exceptions.o [1]
Aldata                  0x2007'0eb0   0x8  Data  Lc  heap0.o [2]
BusFault_Handler        0x2007'0bdf   0x2  Code  Wk  exceptions.o [1]
CAN0_Handler            0x2007'0bdf   0x2  Code  Wk  exceptions.o [1]
CAN1_Handler            0x2007'0bdf   0x2  Code  Wk  exceptions.o [1]
CSTACK$$Base            0x2007'0f28         --   Gb  - Linker created -
CSTACK$$Limit           0x2007'1728         --   Gb  - Linker created -
DACC_Handler            0x2007'0bdf   0x2  Code  Wk  exceptions.o [1]
DMAC_Handler            0x2007'0bdf   0x2  Code  Wk  exceptions.o [1]
DebugMon_Handler        0x2007'0bdf   0x2  Code  Wk  exceptions.o [1]
Dummy_Handler           0x2007'0bdf   0x2  Code  Gb  exceptions.o [1]
EFC0_Handler            0x2007'0bdf   0x2  Code  Wk  exceptions.o [1]
EFC1_Handler            0x2007'0bdf   0x2  Code  Wk  exceptions.o [1]
HEAP$$Base              0x2007'1728         --   Gb  - Linker created -
HEAP$$Limit             0x2007'3728         --   Gb  - Linker created -
HSMCI_Handler           0x2007'0bdf   0x2  Code  Wk  exceptions.o [1]
HardFault_Handler       0x2007'0bdf   0x2  Code  Wk  exceptions.o [1]
Idle_Task               0x2007'00f5   0x2  Code  Gb  kernel_functions.o [1]
KernelMode              0x2007'0ed8   0x4  Data  Gb  kernel_functions.o [1]
LoadContext_In_Run      0x2007'0a2d        Code  Gb  context_switching_functions_march_2019.o [1]
LoadContext_In_Terminate
                        0x2007'0a1f        Code  Gb  context_switching_functions_march_2019.o [1]
MemManage_Handler       0x2007'0bdf   0x2  Code  Wk  exceptions.o [1]
NMI_Handler             0x2007'0bdf   0x2  Code  Wk  exceptions.o [1]
NVIC_SetPriority        0x2007'0be1  0x24  Code  Lc  main.o [1]
NextTask                0x2007'0ec4   0x4  Data  Gb  kernel_functions.o [1]
PIOA_Handler            0x2007'0bdf   0x2  Code  Wk  exceptions.o [1]
PIOB_Handler            0x2007'0bdf   0x2  Code  Wk  exceptions.o [1]
PIOC_Handler            0x2007'0bdf   0x2  Code  Wk  exceptions.o [1]
PIOD_Handler            0x2007'0bdf   0x2  Code  Wk  exceptions.o [1]
PMC_Handler             0x2007'0bdf   0x2  Code  Wk  exceptions.o [1]
PWM_Handler             0x2007'0bdf   0x2  Code  Wk  exceptions.o [1]
PendSV_Handler          0x2007'0bdf   0x2  Code  Wk  exceptions.o [1]
PreviousTask            0x2007'0ec0   0x4  Data  Gb  kernel_functions.o [1]
RSTC_Handler            0x2007'0bdf   0x2  Code  Wk  exceptions.o [1]
RTC_Handler             0x2007'0bdf   0x2  Code  Wk  exceptions.o [1]
RTT_Handler             0x2007'0bdf   0x2  Code  Wk  exceptions.o [1]
ReadyList               0x2007'0ec8   0x4  Data  Gb  kernel_functions.o [1]
Region$$Table$$Base     0x2007'0e9c         --   Gb  - Linker created -
Region$$Table$$Limit    0x2007'0eb0         --   Gb  - Linker created -
Reset_Handler           0x2007'0e1d   0x8  Code  Gb  startup_sam3x.o [1]
SPI0_Handler            0x2007'0bdf   0x2  Code  Wk  exceptions.o [1]
SSC_Handler             0x2007'0bdf   0x2  Code  Wk  exceptions.o [1]
SUPC_Handler            0x2007'0bdf   0x2  Code  Wk  exceptions.o [1]
SVC_Handler             0x2007'0955        Code  Gb  context_switching_functions_march_2019.o [1]
SwitchContext           0x2007'0a11        Code  Gb  context_switching_functions_march_2019.o [1]
SysTick_Config          0x2007'0c05  0x30  Code  Lc  main.o [1]
SysTick_Handler         0x2007'0905        Code  Gb  context_switching_functions_march_2019.o [1]
SystemCoreClock         0x2007'0ebc   0x4  Data  Gb  system_sam3x.o [1]
SystemInit              0x2007'0d55  0x6e  Code  Gb  system_sam3x.o [1]
TC0_Handler             0x2007'0bdf   0x2  Code  Wk  exceptions.o [1]
TC1_Handler             0x2007'0bdf   0x2  Code  Wk  exceptions.o [1]
TC2_Handler             0x2007'0bdf   0x2  Code  Wk  exceptions.o [1]
TC3_Handler             0x2007'0bdf   0x2  Code  Wk  exceptions.o [1]
TC4_Handler             0x2007'0bdf   0x2  Code  Wk  exceptions.o [1]
TC5_Handler             0x2007'0bdf   0x2  Code  Wk  exceptions.o [1]
TRNG_Handler            0x2007'0bdf   0x2  Code  Wk  exceptions.o [1]
TWI0_Handler            0x2007'0bdf   0x2  Code  Wk  exceptions.o [1]
TWI1_Handler            0x2007'0bdf   0x2  Code  Wk  exceptions.o [1]
Ticks                   0x2007'0ed4   0x4  Data  Gb  kernel_functions.o [1]
TimerInt                0x2007'06ff  0x76  Code  Gb  kernel_functions.o [1]
TimerList               0x2007'0ed0   0x4  Data  Gb  kernel_functions.o [1]
UART_Handler            0x2007'0bdf   0x2  Code  Wk  exceptions.o [1]
UOTGHS_Handler          0x2007'0bdf   0x2  Code  Wk  exceptions.o [1]
USART0_Handler          0x2007'0bdf   0x2  Code  Wk  exceptions.o [1]
USART1_Handler          0x2007'0bdf   0x2  Code  Wk  exceptions.o [1]
USART2_Handler          0x2007'0bdf   0x2  Code  Wk  exceptions.o [1]
UsageFault_Handler      0x2007'0bdf   0x2  Code  Wk  exceptions.o [1]
WDT_Handler             0x2007'0bdf   0x2  Code  Wk  exceptions.o [1]
WaitingList             0x2007'0ecc   0x4  Data  Gb  kernel_functions.o [1]
__aeabi_memcpy          0x2007'0ad1        Code  Gb  ABImemcpy.o [3]
__aeabi_memcpy4         0x2007'0af1        Code  Gb  ABImemcpy.o [3]
__aeabi_memcpy8         0x2007'0af1        Code  Gb  ABImemcpy.o [3]
__basic_calloc          0x2007'08cb  0x36  Code  Gb  heap0.o [2]
__basic_free            0x2007'0841  0x16  Code  Gb  heap0.o [2]
__basic_free_intern     0x2007'0857  0x74  Code  Lc  heap0.o [2]
__basic_malloc          0x2007'0795  0x18  Code  Gb  heap0.o [2]
__basic_malloc_intern   0x2007'07ad  0x94  Code  Lc  heap0.o [2]
__cmain                 0x2007'0e31        Code  Gb  cmain.o [3]
__data_GetMemChunk      0x2007'0ba1  0x2c  Code  Gb  xgetmemchunk.o [2]
__data_GetMemChunk::start
                        0x2007'0ee8   0x4  Data  Lc  xgetmemchunk.o [2]
__data_memzero          0x2007'0bcd  0x12  Code  Gb  xxmemxmemzero.o [2]
__exit                  0x2007'0e89  0x14  Code  Gb  exit.o [4]
__iar_copy_init3        0x2007'0b77  0x2a  Code  Gb  copy_init3.o [3]
__iar_data_init3        0x2007'0e51  0x28  Code  Gb  data_init.o [3]
__iar_program_start     0x2007'0e25        Code  Gb  cstartup.o [1]
__low_level_init        0x2007'0df5  0x20  Code  Gb  startup_sam3x.o [1]
__region_NFC_RAM_end__ {Abs}
                        0x2010'0fff        Data  Gb  <internal module>
__region_NFC_RAM_start__ {Abs}
                        0x2010'0000        Data  Gb  <internal module>
__region_RAM0_end__ {Abs}
                        0x2000'ffff        Data  Gb  <internal module>
__region_RAM0_size__ {Abs}
                           0x1'0000        Data  Gb  <internal module>
__region_RAM0_start__ {Abs}
                        0x2000'0000        Data  Gb  <internal module>
__region_RAM1_end__ {Abs}
                        0x2008'7fff        Data  Gb  <internal module>
__region_RAM1_size__ {Abs}
                             0x8000        Data  Gb  <internal module>
__region_RAM1_start__ {Abs}
                        0x2008'0000        Data  Gb  <internal module>
__region_RAM_end__ {Abs}
                        0x2008'7fff        Data  Gb  <internal module>
__region_RAM_size__ {Abs}
                           0x1'8000        Data  Gb  <internal module>
__region_RAM_start__ {Abs}
                        0x2007'0000        Data  Gb  <internal module>
__vector_table          0x2007'0000  0xf4  Data  Gb  startup_sam3x.o [1]
_call_main              0x2007'0e3d        Code  Gb  cmain.o [3]
_exit                   0x2007'0e7d        Code  Gb  cexit.o [3]
create_mailbox          0x2007'030b  0x2a  Code  Gb  kernel_functions.o [1]
create_task             0x2007'0231  0x7e  Code  Gb  kernel_functions.o [1]
exit                    0x2007'0e79   0x4  Code  Gb  exit.o [2]
extract                 0x2007'0181  0x2a  Code  Gb  kernel_functions.o [1]
find_Task               0x2007'0395  0x76  Code  Gb  kernel_functions.o [1]
find_Task_Timer         0x2007'05bb  0x84  Code  Gb  kernel_functions.o [1]
find_Task_Wait          0x2007'063f  0x7c  Code  Gb  kernel_functions.o [1]
free                    0x2007'0acd   0x4  Code  Gb  heaptramp0.o [2]
g0                      0x2007'0edc   0x4  Data  Gb  main.o [1]
g1                      0x2007'0ee0   0x4  Data  Gb  main.o [1]
g2                      0x2007'0ee4   0x4  Data  Gb  main.o [1]
init_kernel             0x2007'01ab  0x86  Code  Gb  kernel_functions.o [1]
insertTask              0x2007'00f7  0x8a  Code  Gb  kernel_functions.o [1]
insert_Task_list        0x2007'040b  0x94  Code  Gb  kernel_functions.o [1]
insert_last             0x2007'037d  0x18  Code  Gb  kernel_functions.o [1]
isr_off                 0x2007'0aaf        Code  Gb  context_switching_functions_march_2019.o [1]
isr_on                  0x2007'0aa5        Code  Gb  context_switching_functions_march_2019.o [1]
low_deadline            0x2007'0eb8   0x4  Data  Gb  main.o [1]
main                    0x2007'0c87  0x8e  Code  Gb  main.o [1]
receive_no_wait         0x2007'0553  0x68  Code  Gb  kernel_functions.o [1]
remove_first            0x2007'0349  0x34  Code  Gb  kernel_functions.o [1]
remove_mailbox          0x2007'0335  0x14  Code  Gb  kernel_functions.o [1]
run                     0x2007'02af  0x26  Code  Gb  kernel_functions.o [1]
send_no_wait            0x2007'049f  0xb4  Code  Gb  kernel_functions.o [1]
set_deadline            0x2007'06c1  0x3e  Code  Gb  kernel_functions.o [1]
set_ticks               0x2007'06bb   0x6  Code  Gb  kernel_functions.o [1]
switch_to_stack_of_next_task
                        0x2007'0a91        Code  Gb  context_switching_functions_march_2019.o [1]
task_Mailbox_2          0x2007'0c41  0x46  Code  Gb  main.o [1]
task_body_1             0x2007'0c35   0xc  Code  Gb  main.o [1]
terminate               0x2007'02d5  0x36  Code  Gb  kernel_functions.o [1]


[1] = C:\Users\khale\OneDrive\Skrivbord\Dst2\Lab 3\Debug\Obj
[2] = dl7M_tln.a
[3] = rt7M_tl.a
[4] = shb_l.a

   3'496 bytes of readonly  code memory
     324 bytes of readonly  data memory
  10'300 bytes of readwrite data memory

Errors: none
Warnings: none
